
> outdoorrefreshments@0.1.0 build
> next build

Γû▓ Next.js 16.1.1 (Turbopack)

  Creating an optimized production build ...
node.exe : 
At line:1 char:1
+ & "C:\Program Fil
es\nodejs/node.exe"
 "C:\Program Files\
nodejs/node_mo ...
+ ~~~~~~~~~~~~~~~~~
~~~~~~~~~~~~~~~~~~~
~~~~~~~~~~~~~~~~~~~
~~~~~~~~~~~~~~
    + CategoryInfo 
             : No  
  tSpecified: (:   
 String) [], Re    
moteException
    + FullyQualifi 
   edErrorId : Na  
  tiveCommandErr   
 or
 
> Build error 
occurred
Error: Turbopack 
build failed with 
4 errors:
./app/not-found/pag
e.tsx:3:10
Ecmascript file 
had an error
[0m [90m 1 
|[39m 
[36mimport[39m 
[33mLink[39m 
[36mfrom[39m [32
m"next/link"[39m[
33m;[39m
 [90m 2 |[39m 
[36mimport[39m { 
usePathname } 
[36mfrom[39m [32
m"next/navigation"
[39m[33m;[39m
[31m[1m>[22m[39
m[90m 3 |[39m 
[36mimport[39m { 
useEffect } 
[36mfrom[39m [32
m"react"[39m[33m;
[39m
 [90m   |[39m    
      [31m[1m^[2
2m[39m[31m[1m^[
22m[39m[31m[1m^
[22m[39m[31m[1m^
[22m[39m[31m[1m
^[22m[39m[31m[1
m^[22m[39m[31m[
1m^[22m[39m[31m
[1m^[22m[39m[31m
[1m^[22m[39m
 [90m 4 |[39m
 [90m 5 |[39m 
[36mconst[39m 
[33mNotFound[39m 
[33m=[39m () 
[33m=>[39m {
 [90m 6 |[39m   
[36mconst[39m 
pathname 
[33m=[39m usePath
name()[33m;[39m[
0m

You're importing a 
component that 
needs `useEffect`. 
This React Hook 
only works in a 
Client Component. 
To fix, mark the 
file (or its 
parent) with the 
`"use client"` 
directive.

 Learn more: https:
//nextjs.org/docs/a
pp/api-reference/di
rectives/use-client




./app/not-found/pag
e.tsx:2:10
Ecmascript file 
had an error
[0m [90m 1 
|[39m 
[36mimport[39m 
[33mLink[39m 
[36mfrom[39m [32
m"next/link"[39m[
33m;[39m
[31m[1m>[22m[39
m[90m 2 |[39m 
[36mimport[39m { 
usePathname } 
[36mfrom[39m [32
m"next/navigation"
[39m[33m;[39m
 [90m   |[39m    
      [31m[1m^[2
2m[39m[31m[1m^[
22m[39m[31m[1m^
[22m[39m[31m[1m^
[22m[39m[31m[1m
^[22m[39m[31m[1
m^[22m[39m[31m[
1m^[22m[39m[31m
[1m^[22m[39m[31m
[1m^[22m[39m[31
m[1m^[22m[39m[3
1m[1m^[22m[39m
 [90m 3 |[39m 
[36mimport[39m { 
useEffect } 
[36mfrom[39m [32
m"react"[39m[33m;
[39m
 [90m 4 |[39m
 [90m 5 |[39m 
[36mconst[39m 
[33mNotFound[39m 
[33m=[39m () 
[33m=>[39m {[0m

You're importing a 
component that 
needs 
`usePathname`. 
This React Hook 
only works in a 
Client Component. 
To fix, mark the 
file (or its 
parent) with the 
`"use client"` 
directive.

 Learn more: https:
//nextjs.org/docs/a
pp/api-reference/di
rectives/use-client




./app/services/page
.tsx:14:1
Module not found: 
Can't resolve '@/co
mponents/Footer'
[0m [90m 12 
|[39m } 
[36mfrom[39m [32
m"lucide-react"[39
m[33m;[39m
 [90m 13 |[39m 
[36mimport[39m 
[33mNavbar[39m 
[36mfrom[39m [32
m"@/components/Navb
ar"[39m[33m;[39m
[31m[1m>[22m[39
m[90m 14 |[39m 
[36mimport[39m 
[33mFooter[39m 
[36mfrom[39m [32
m"@/components/Foot
er"[39m[33m;[39m
 [90m    |[39m [
31m[1m^[22m[39m
[31m[1m^[22m[39m
[31m[1m^[22m[39
m[31m[1m^[22m[3
9m[31m[1m^[22m[
39m[31m[1m^[22m
[39m[31m[1m^[22m
[39m[31m[1m^[22
m[39m[31m[1m^[2
2m[39m[31m[1m^[
22m[39m[31m[1m^
[22m[39m[31m[1m^
[22m[39m[31m[1m
^[22m[39m[31m[1
m^[22m[39m[31m[
1m^[22m[39m[31m
[1m^[22m[39m[31m
[1m^[22m[39m[31
m[1m^[22m[39m[3
1m[1m^[22m[39m[
31m[1m^[22m[39m
[31m[1m^[22m[39m
[31m[1m^[22m[39
m[31m[1m^[22m[3
9m[31m[1m^[22m[
39m[31m[1m^[22m
[39m[31m[1m^[22m
[39m[31m[1m^[22
m[39m[31m[1m^[2
2m[39m[31m[1m^[
22m[39m[31m[1m^
[22m[39m[31m[1m^
[22m[39m[31m[1m
^[22m[39m[31m[1
m^[22m[39m[31m[
1m^[22m[39m[31m
[1m^[22m[39m[31m
[1m^[22m[39m[31
m[1m^[22m[39m[3
1m[1m^[22m[39m[
31m[1m^[22m[39m
[31m[1m^[22m[39m
[31m[1m^[22m[39
m
 [90m 15 |[39m 
[36mimport[39m { 
[33mLink[39m } 
[36mfrom[39m [32
m"react-router-dom"
[39m[33m;[39m
 [90m 16 |[39m
 [90m 17 |[39m 
[36mconst[39m 
services 
[33m=[39m [[0m

Import map: 
aliased to 
relative './compone
nts/Footer' inside 
of [project]/


https://nextjs.org/
docs/messages/modul
e-not-found


./app/services/page
.tsx:15:1
Module not found: 
Can't resolve 
'react-router-dom'
[0m [90m 13 
|[39m 
[36mimport[39m 
[33mNavbar[39m 
[36mfrom[39m [32
m"@/components/Navb
ar"[39m[33m;[39m
 [90m 14 |[39m 
[36mimport[39m 
[33mFooter[39m 
[36mfrom[39m [32
m"@/components/Foot
er"[39m[33m;[39m
[31m[1m>[22m[39
m[90m 15 |[39m 
[36mimport[39m { 
[33mLink[39m } 
[36mfrom[39m [32
m"react-router-dom"
[39m[33m;[39m
 [90m    |[39m [
31m[1m^[22m[39m
[31m[1m^[22m[39m
[31m[1m^[22m[39
m[31m[1m^[22m[3
9m[31m[1m^[22m[
39m[31m[1m^[22m
[39m[31m[1m^[22m
[39m[31m[1m^[22
m[39m[31m[1m^[2
2m[39m[31m[1m^[
22m[39m[31m[1m^
[22m[39m[31m[1m^
[22m[39m[31m[1m
^[22m[39m[31m[1
m^[22m[39m[31m[
1m^[22m[39m[31m
[1m^[22m[39m[31m
[1m^[22m[39m[31
m[1m^[22m[39m[3
1m[1m^[22m[39m[
31m[1m^[22m[39m
[31m[1m^[22m[39m
[31m[1m^[22m[39
m[31m[1m^[22m[3
9m[31m[1m^[22m[
39m[31m[1m^[22m
[39m[31m[1m^[22m
[39m[31m[1m^[22
m[39m[31m[1m^[2
2m[39m[31m[1m^[
22m[39m[31m[1m^
[22m[39m[31m[1m^
[22m[39m[31m[1m
^[22m[39m[31m[1
m^[22m[39m[31m[
1m^[22m[39m[31m
[1m^[22m[39m[31m
[1m^[22m[39m[31
m[1m^[22m[39m[3
1m[1m^[22m[39m[
31m[1m^[22m[39m
[31m[1m^[22m[39m
 [90m 16 |[39m
 [90m 17 |[39m 
[36mconst[39m 
services 
[33m=[39m [
 [90m 18 |[39m   
{[0m



https://nextjs.org/
docs/messages/modul
e-not-found


    at <unknown> (.
/app/not-found/page
.tsx:3:10)
    at <unknown> (.
/app/not-found/page
.tsx:2:10)
    at <unknown> (.
/app/services/page.
tsx:14:1)
    at <unknown> (h
ttps://nextjs.org/d
ocs/messages/module
-not-found)
    at <unknown> (.
/app/services/page.
tsx:15:1)
    at <unknown> (h
ttps://nextjs.org/d
ocs/messages/module
-not-found)
